main.c:59:7:clear7SEG	8	static
main.c:69:7:display7SEG	16	static
main.c:178:7:initState	8	static
main.c:191:7:update7SEG	16	static
main.c:228:7:updateClockBuffer	16	static
main.c:240:7:setTimer0	16	static
main.c:248:7:setTimer1	16	static
main.c:253:7:timerRun	4	static
main.c:270:5:main	24	static
main.c:345:6:SystemClock_Config	72	static
main.c:381:13:MX_TIM2_Init	32	static
main.c:426:13:MX_GPIO_Init	32	static
main.c:466:6:HAL_TIM_PeriodElapsedCallback	16	static
main.c:490:6:Error_Handler	4	static,ignoring_inline_asm
